// Jest Snapshot v1, https://goo.gl/fbAQLP

exports[`env 1`] = `
Object {
  "defaultLanguageTag": "en",
  "defaultLocale": Object {},
  "initialized": false,
}
`;
